2026-09-14T12:22:47.599+05:30  INFO 17076 --- [Hotel_Management_System] [restartedMain] c.i.H.HotelManagementSystemApplication   : Starting HotelManagementSystemApplication using Java 25.0.1 with PID 17076 (E:\projects\Hotel_Management_System\Hotel_Management_System\target\classes started by ASUS in E:\projects\Hotel_Management_System\Hotel_Management_System)
2026-09-14T12:22:47.605+05:30 DEBUG 17076 --- [Hotel_Management_System] [restartedMain] c.i.H.HotelManagementSystemApplication   : Running with Spring Boot v4.1.0, Spring v7.0.8
2026-09-14T12:22:47.605+05:30  INFO 17076 --- [Hotel_Management_System] [restartedMain] c.i.H.HotelManagementSystemApplication   : No active profile set, falling back to 1 default profile: "default"
2026-09-14T12:22:47.658+05:30  INFO 17076 --- [Hotel_Management_System] [restartedMain] .e.DevToolsPropertyDefaultsPostProcessor : Devtools property defaults active! Set 'spring.devtools.add-properties' to 'false' to disable
2026-09-14T12:22:47.658+05:30  INFO 17076 --- [Hotel_Management_System] [restartedMain] .e.DevToolsPropertyDefaultsPostProcessor : For additional web related logging consider setting the 'logging.level.web' property to 'DEBUG'
2026-09-14T12:22:48.597+05:30  INFO 17076 --- [Hotel_Management_System] [restartedMain] .s.d.r.c.RepositoryConfigurationDelegate : Bootstrapping Spring Data JPA repositories in DEFAULT mode.
2026-09-14T12:22:48.698+05:30  INFO 17076 --- [Hotel_Management_System] [restartedMain] .s.d.r.c.RepositoryConfigurationDelegate : Finished Spring Data repository scanning in 90 ms. Found 16 JPA repository interfaces.
2026-09-14T12:22:49.433+05:30  INFO 17076 --- [Hotel_Management_System] [restartedMain] o.s.boot.tomcat.TomcatWebServer          : Tomcat initialized with port 8080 (http)
2026-09-14T12:22:49.446+05:30  INFO 17076 --- [Hotel_Management_System] [restartedMain] o.apache.catalina.core.StandardService   : Starting service [Tomcat]
2026-09-14T12:22:49.446+05:30  INFO 17076 --- [Hotel_Management_System] [restartedMain] o.apache.catalina.core.StandardEngine    : Starting Servlet engine: [Apache Tomcat/11.0.22]
2026-09-14T12:22:49.490+05:30  INFO 17076 --- [Hotel_Management_System] [restartedMain] b.w.c.s.WebApplicationContextInitializer : Root WebApplicationContext: initialization completed in 1832 ms
2026-09-14T12:22:49.666+05:30  INFO 17076 --- [Hotel_Management_System] [restartedMain] org.hibernate.orm.jpa                    : HHH008540: Processing PersistenceUnitInfo [name: default]
2026-09-14T12:22:49.752+05:30  INFO 17076 --- [Hotel_Management_System] [restartedMain] org.hibernate.orm.core                   : HHH000001: Hibernate ORM core version 7.4.1.Final
2026-09-14T12:22:50.275+05:30  INFO 17076 --- [Hotel_Management_System] [restartedMain] o.s.o.j.p.SpringPersistenceUnitInfo      : No LoadTimeWeaver setup: ignoring JPA class transformer
2026-09-14T12:22:50.310+05:30  INFO 17076 --- [Hotel_Management_System] [restartedMain] com.zaxxer.hikari.HikariDataSource       : HikariPool-1 - Starting...
2026-09-14T12:22:50.559+05:30  INFO 17076 --- [Hotel_Management_System] [restartedMain] com.zaxxer.hikari.pool.HikariPool        : HikariPool-1 - Added connection com.mysql.cj.jdbc.ConnectionImpl@730ed82a
2026-09-14T12:22:50.561+05:30  INFO 17076 --- [Hotel_Management_System] [restartedMain] com.zaxxer.hikari.HikariDataSource       : HikariPool-1 - Start completed.
2026-09-14T12:22:50.656+05:30  INFO 17076 --- [Hotel_Management_System] [restartedMain] org.hibernate.orm.connections.pooling    : HHH10001005: Database info:
	Database JDBC URL [jdbc:mysql://localhost:3306/hotel_management_new?autoReconnect=true&createDatabaseIfNotExist=true&useSSL=false&allowPublicKeyRetrieval=true&serverTimezone=UTC]
	Database driver: MySQL Connector/J
	Database dialect: MySQLDialect
	Database version: 9.5
	Default catalog/schema: hotel_management_new/undefined
	Autocommit mode: undefined/unknown
	Isolation level: REPEATABLE_READ [default REPEATABLE_READ]
	JDBC fetch size: none
	Pool: DataSourceConnectionProvider
	Minimum pool size: undefined/unknown
	Maximum pool size: undefined/unknown
2026-09-14T12:22:52.146+05:30  INFO 17076 --- [Hotel_Management_System] [restartedMain] org.hibernate.orm.core                   : HHH000489: No JTA platform available (set 'hibernate.transaction.jta.platform' to enable JTA platform integration)
2026-09-14T12:22:52.305+05:30  INFO 17076 --- [Hotel_Management_System] [restartedMain] j.LocalContainerEntityManagerFactoryBean : Initialized JPA EntityManagerFactory for persistence unit 'default'
2026-09-14T12:22:52.386+05:30  INFO 17076 --- [Hotel_Management_System] [restartedMain] o.s.d.j.r.query.QueryEnhancerFactories   : Hibernate is in classpath; If applicable, HQL parser will be used.
2026-09-14T12:22:52.593+05:30 DEBUG 17076 --- [Hotel_Management_System] [restartedMain] c.i.H.security.JwtAuthenticationFilter   : Filter 'jwtAuthenticationFilter' configured for use
2026-09-14T12:22:52.995+05:30  INFO 17076 --- [Hotel_Management_System] [restartedMain] eAuthenticationProviderManagerConfigurer : Global AuthenticationManager configured with AuthenticationProvider bean with name authenticationProvider
2026-09-14T12:22:52.995+05:30  WARN 17076 --- [Hotel_Management_System] [restartedMain] r$InitializeUserDetailsManagerConfigurer : Global AuthenticationManager configured with an AuthenticationProvider bean. UserDetailsService beans will not be used by Spring Security for automatically configuring username/password login. Consider removing the AuthenticationProvider bean. Alternatively, consider using the UserDetailsService in a manually instantiated DaoAuthenticationProvider. If the current configuration is intentional, to turn off this warning, increase the logging level of 'org.springframework.security.config.annotation.authentication.configuration.InitializeUserDetailsBeanManagerConfigurer' to ERROR
2026-09-14T12:22:54.092+05:30  INFO 17076 --- [Hotel_Management_System] [restartedMain] o.s.b.w.a.WelcomePageHandlerMapping      : Adding welcome page: class path resource [static/index.html]
2026-09-14T12:22:54.427+05:30  INFO 17076 --- [Hotel_Management_System] [restartedMain] o.s.boot.tomcat.TomcatWebServer          : Tomcat started on port 8080 (http) with context path '/'
2026-09-14T12:22:54.431+05:30  INFO 17076 --- [Hotel_Management_System] [restartedMain] c.i.H.HotelManagementSystemApplication   : Started HotelManagementSystemApplication in 7.382 seconds (process running for 8.129)
2026-09-14T12:23:18.391+05:30  INFO 17076 --- [Hotel_Management_System] [http-nio-8080-exec-1] o.a.c.c.C.[Tomcat].[localhost].[/]       : Initializing Spring DispatcherServlet 'dispatcherServlet'
2026-09-14T12:23:18.391+05:30  INFO 17076 --- [Hotel_Management_System] [http-nio-8080-exec-1] o.s.web.servlet.DispatcherServlet        : Initializing Servlet 'dispatcherServlet'
2026-09-14T12:23:18.407+05:30  INFO 17076 --- [Hotel_Management_System] [http-nio-8080-exec-1] o.s.web.servlet.DispatcherServlet        : Completed initialization in 16 ms
2026-09-14T12:23:31.935+05:30  INFO 17076 --- [Hotel_Management_System] [http-nio-8080-exec-4] c.i.H.service.impl.AuthServiceImpl       : User dhamayanthirenuka846@gmail.com logged in
2026-09-14T12:23:56.042+05:30  INFO 17076 --- [Hotel_Management_System] [http-nio-8080-exec-8] c.i.H.s.impl.ReservationServiceImpl      : Created booking id=8 for user=dhamayanthirenuka846@gmail.com room=250 total=35000.00
2026-09-14T12:24:17.733+05:30  INFO 17076 --- [Hotel_Management_System] [http-nio-8080-exec-5] c.i.H.service.impl.PaymentServiceImpl    : Payment successful for booking id=8 amount=35000.00 txn=bd092157-cf30-492d-9abb-2d548456a5dc
2026-09-14T12:26:56.278+05:30  WARN 17076 --- [Hotel_Management_System] [http-nio-8080-exec-9] c.i.H.exception.GlobalExceptionHandler   : Resource not found: No invoice found for booking id: 3
2026-09-14T12:26:56.285+05:30  WARN 17076 --- [Hotel_Management_System] [http-nio-8080-exec-9] .m.m.a.ExceptionHandlerExceptionResolver : Resolved [com.ijse.Hotel_Management_System.exception.ResourceNotFoundException: No invoice found for booking id: 3]
2026-09-14T12:26:59.913+05:30  WARN 17076 --- [Hotel_Management_System] [http-nio-8080-exec-6] c.i.H.exception.GlobalExceptionHandler   : Resource not found: No invoice found for booking id: 1
2026-09-14T12:26:59.915+05:30  WARN 17076 --- [Hotel_Management_System] [http-nio-8080-exec-6] .m.m.a.ExceptionHandlerExceptionResolver : Resolved [com.ijse.Hotel_Management_System.exception.ResourceNotFoundException: No invoice found for booking id: 1]
2026-09-14T12:32:33.691+05:30  INFO 17076 --- [Hotel_Management_System] [http-nio-8080-exec-4] c.i.H.s.impl.ReservationServiceImpl      : Booking id=7 cancelled by dhamayanthirenuka846@gmail.com
2026-09-14T12:32:36.635+05:30  INFO 17076 --- [Hotel_Management_System] [http-nio-8080-exec-1] c.i.H.s.impl.ReservationServiceImpl      : Booking id=8 cancelled by dhamayanthirenuka846@gmail.com
2026-09-14T12:33:18.442+05:30  INFO 17076 --- [Hotel_Management_System] [SpringApplicationShutdownHook] o.s.boot.tomcat.GracefulShutdown         : Commencing graceful shutdown. Waiting for active requests to complete
2026-09-14T12:33:18.452+05:30  INFO 17076 --- [Hotel_Management_System] [tomcat-shutdown] o.s.boot.tomcat.GracefulShutdown         : Graceful shutdown complete
2026-09-14T12:33:18.458+05:30  INFO 17076 --- [Hotel_Management_System] [SpringApplicationShutdownHook] j.LocalContainerEntityManagerFactoryBean : Closing JPA EntityManagerFactory for persistence unit 'default'
2026-09-14T12:33:18.461+05:30  INFO 17076 --- [Hotel_Management_System] [SpringApplicationShutdownHook] com.zaxxer.hikari.HikariDataSource       : HikariPool-1 - Shutdown initiated...
2026-09-14T12:33:18.465+05:30  INFO 17076 --- [Hotel_Management_System] [SpringApplicationShutdownHook] com.zaxxer.hikari.HikariDataSource       : HikariPool-1 - Shutdown completed.
